// Jest Snapshot v1, https://goo.gl/fbAQLP

exports[`<DetailedCharacter /> render() renders the DetailedCharacter component with character 1`] = `
<div>
  <Link
    className="pl-2"
    replace={false}
    to="/"
  >
    <i
      className="far fa-arrow-alt-circle-left fa-3x text-secondary"
    />
  </Link>
  <div
    className="container pt-2"
  >
    <div>
      <div
        className="row"
      >
        <div
          className="col-lg-5"
        >
          <img
            alt=""
            className="card-img-left flex-auto d-none d-md-block"
            src="http://i.annihil.us/u/prod/marvel/i/mg/c/e0/535fecbbb9784/landscape_large.jpg"
          />
        </div>
        <div
          className="col-lg-7"
        >
          <h5>
            <LinkType
              character={
                Object {
                  "comics": Object {
                    "available": 12,
                    "collectionURI": "http://gateway.marvel.com/v1/public/characters/1011334/comics",
                    "items": Array [
                      Object {
                        "name": "Avengers: The Initiative (2007) #14",
                        "resourceURI": "http://gateway.marvel.com/v1/public/comics/21366",
                      },
                      Object {
                        "name": "Avengers: The Initiative (2007) #14 (SPOTLIGHT VARIANT)",
                        "resourceURI": "http://gateway.marvel.com/v1/public/comics/24571",
                      },
                      Object {
                        "name": "Avengers: The Initiative (2007) #15",
                        "resourceURI": "http://gateway.marvel.com/v1/public/comics/21546",
                      },
                      Object {
                        "name": "Avengers: The Initiative (2007) #16",
                        "resourceURI": "http://gateway.marvel.com/v1/public/comics/21741",
                      },
                      Object {
                        "name": "Avengers: The Initiative (2007) #17",
                        "resourceURI": "http://gateway.marvel.com/v1/public/comics/21975",
                      },
                      Object {
                        "name": "Avengers: The Initiative (2007) #18",
                        "resourceURI": "http://gateway.marvel.com/v1/public/comics/22299",
                      },
                      Object {
                        "name": "Avengers: The Initiative (2007) #18 (ZOMBIE VARIANT)",
                        "resourceURI": "http://gateway.marvel.com/v1/public/comics/22300",
                      },
                      Object {
                        "name": "Avengers: The Initiative (2007) #19",
                        "resourceURI": "http://gateway.marvel.com/v1/public/comics/22506",
                      },
                      Object {
                        "name": "Deadpool (1997) #44",
                        "resourceURI": "http://gateway.marvel.com/v1/public/comics/8500",
                      },
                      Object {
                        "name": "Marvel Premiere (1972) #35",
                        "resourceURI": "http://gateway.marvel.com/v1/public/comics/10223",
                      },
                      Object {
                        "name": "Marvel Premiere (1972) #36",
                        "resourceURI": "http://gateway.marvel.com/v1/public/comics/10224",
                      },
                      Object {
                        "name": "Marvel Premiere (1972) #37",
                        "resourceURI": "http://gateway.marvel.com/v1/public/comics/10225",
                      },
                    ],
                    "returned": 12,
                  },
                  "description": "",
                  "events": Object {
                    "available": 1,
                    "collectionURI": "http://gateway.marvel.com/v1/public/characters/1011334/events",
                    "items": Array [
                      Object {
                        "name": "Secret Invasion",
                        "resourceURI": "http://gateway.marvel.com/v1/public/events/269",
                      },
                    ],
                    "returned": 1,
                  },
                  "id": 1011334,
                  "modified": "2014-04-29T14:18:17-0400",
                  "name": "3-D Man",
                  "resourceURI": "http://gateway.marvel.com/v1/public/characters/1011334",
                  "series": Object {
                    "available": 3,
                    "collectionURI": "http://gateway.marvel.com/v1/public/characters/1011334/series",
                    "items": Array [
                      Object {
                        "name": "Avengers: The Initiative (2007 - 2010)",
                        "resourceURI": "http://gateway.marvel.com/v1/public/series/1945",
                      },
                      Object {
                        "name": "Deadpool (1997 - 2002)",
                        "resourceURI": "http://gateway.marvel.com/v1/public/series/2005",
                      },
                      Object {
                        "name": "Marvel Premiere (1972 - 1981)",
                        "resourceURI": "http://gateway.marvel.com/v1/public/series/2045",
                      },
                    ],
                    "returned": 3,
                  },
                  "stories": Object {
                    "available": 21,
                    "collectionURI": "http://gateway.marvel.com/v1/public/characters/1011334/stories",
                    "items": Array [
                      Object {
                        "name": "Cover #19947",
                        "resourceURI": "http://gateway.marvel.com/v1/public/stories/19947",
                        "type": "cover",
                      },
                      Object {
                        "name": "The 3-D Man!",
                        "resourceURI": "http://gateway.marvel.com/v1/public/stories/19948",
                        "type": "interiorStory",
                      },
                      Object {
                        "name": "Cover #19949",
                        "resourceURI": "http://gateway.marvel.com/v1/public/stories/19949",
                        "type": "cover",
                      },
                      Object {
                        "name": "The Devil's Music!",
                        "resourceURI": "http://gateway.marvel.com/v1/public/stories/19950",
                        "type": "interiorStory",
                      },
                      Object {
                        "name": "Cover #19951",
                        "resourceURI": "http://gateway.marvel.com/v1/public/stories/19951",
                        "type": "cover",
                      },
                      Object {
                        "name": "Code-Name:  The Cold Warrior!",
                        "resourceURI": "http://gateway.marvel.com/v1/public/stories/19952",
                        "type": "interiorStory",
                      },
                      Object {
                        "name": "AVENGERS: THE INITIATIVE (2007) #14",
                        "resourceURI": "http://gateway.marvel.com/v1/public/stories/47184",
                        "type": "cover",
                      },
                      Object {
                        "name": "Avengers: The Initiative (2007) #14 - Int",
                        "resourceURI": "http://gateway.marvel.com/v1/public/stories/47185",
                        "type": "interiorStory",
                      },
                      Object {
                        "name": "AVENGERS: THE INITIATIVE (2007) #15",
                        "resourceURI": "http://gateway.marvel.com/v1/public/stories/47498",
                        "type": "cover",
                      },
                      Object {
                        "name": "Avengers: The Initiative (2007) #15 - Int",
                        "resourceURI": "http://gateway.marvel.com/v1/public/stories/47499",
                        "type": "interiorStory",
                      },
                      Object {
                        "name": "AVENGERS: THE INITIATIVE (2007) #16",
                        "resourceURI": "http://gateway.marvel.com/v1/public/stories/47792",
                        "type": "cover",
                      },
                      Object {
                        "name": "Avengers: The Initiative (2007) #16 - Int",
                        "resourceURI": "http://gateway.marvel.com/v1/public/stories/47793",
                        "type": "interiorStory",
                      },
                      Object {
                        "name": "AVENGERS: THE INITIATIVE (2007) #17",
                        "resourceURI": "http://gateway.marvel.com/v1/public/stories/48361",
                        "type": "cover",
                      },
                      Object {
                        "name": "Avengers: The Initiative (2007) #17 - Int",
                        "resourceURI": "http://gateway.marvel.com/v1/public/stories/48362",
                        "type": "interiorStory",
                      },
                      Object {
                        "name": "AVENGERS: THE INITIATIVE (2007) #18",
                        "resourceURI": "http://gateway.marvel.com/v1/public/stories/49103",
                        "type": "cover",
                      },
                      Object {
                        "name": "Avengers: The Initiative (2007) #18 - Int",
                        "resourceURI": "http://gateway.marvel.com/v1/public/stories/49104",
                        "type": "interiorStory",
                      },
                      Object {
                        "name": "Avengers: The Initiative (2007) #18, Zombie Variant - Int",
                        "resourceURI": "http://gateway.marvel.com/v1/public/stories/49106",
                        "type": "interiorStory",
                      },
                      Object {
                        "name": "AVENGERS: THE INITIATIVE (2007) #19",
                        "resourceURI": "http://gateway.marvel.com/v1/public/stories/49888",
                        "type": "cover",
                      },
                      Object {
                        "name": "Avengers: The Initiative (2007) #19 - Int",
                        "resourceURI": "http://gateway.marvel.com/v1/public/stories/49889",
                        "type": "interiorStory",
                      },
                      Object {
                        "name": "Avengers: The Initiative (2007) #14, Spotlight Variant - Int",
                        "resourceURI": "http://gateway.marvel.com/v1/public/stories/54371",
                        "type": "interiorStory",
                      },
                    ],
                    "returned": 20,
                  },
                  "thumbnail": Object {
                    "extension": "jpg",
                    "path": "http://i.annihil.us/u/prod/marvel/i/mg/c/e0/535fecbbb9784",
                  },
                  "urls": Array [
                    Object {
                      "type": "detail",
                      "url": "http://marvel.com/characters/74/3-d_man?utm_campaign=apiRef&utm_source=fc0bbfff7046baab7764e1ef9a394a25",
                    },
                    Object {
                      "type": "wiki",
                      "url": "http://marvel.com/universe/3-D_Man_(Chandler)?utm_campaign=apiRef&utm_source=fc0bbfff7046baab7764e1ef9a394a25",
                    },
                    Object {
                      "type": "comiclink",
                      "url": "http://marvel.com/comics/characters/1011334/3-d_man?utm_campaign=apiRef&utm_source=fc0bbfff7046baab7764e1ef9a394a25",
                    },
                  ],
                }
              }
              text="3-D Man"
              type="detail"
            />
            <FavButton
              characterId={1011334}
              isFav={false}
              onFavClicked={[MockFunction]}
            />
          </h5>
          <h6>
            Description
          </h6>
          <p
            className="card-text text-danger"
          />
          <div
            className="row"
          >
            <div
              className="col-sm-6"
            >
              <h6>
                Comics
                <LinkType
                  character={
                    Object {
                      "comics": Object {
                        "available": 12,
                        "collectionURI": "http://gateway.marvel.com/v1/public/characters/1011334/comics",
                        "items": Array [
                          Object {
                            "name": "Avengers: The Initiative (2007) #14",
                            "resourceURI": "http://gateway.marvel.com/v1/public/comics/21366",
                          },
                          Object {
                            "name": "Avengers: The Initiative (2007) #14 (SPOTLIGHT VARIANT)",
                            "resourceURI": "http://gateway.marvel.com/v1/public/comics/24571",
                          },
                          Object {
                            "name": "Avengers: The Initiative (2007) #15",
                            "resourceURI": "http://gateway.marvel.com/v1/public/comics/21546",
                          },
                          Object {
                            "name": "Avengers: The Initiative (2007) #16",
                            "resourceURI": "http://gateway.marvel.com/v1/public/comics/21741",
                          },
                          Object {
                            "name": "Avengers: The Initiative (2007) #17",
                            "resourceURI": "http://gateway.marvel.com/v1/public/comics/21975",
                          },
                          Object {
                            "name": "Avengers: The Initiative (2007) #18",
                            "resourceURI": "http://gateway.marvel.com/v1/public/comics/22299",
                          },
                          Object {
                            "name": "Avengers: The Initiative (2007) #18 (ZOMBIE VARIANT)",
                            "resourceURI": "http://gateway.marvel.com/v1/public/comics/22300",
                          },
                          Object {
                            "name": "Avengers: The Initiative (2007) #19",
                            "resourceURI": "http://gateway.marvel.com/v1/public/comics/22506",
                          },
                          Object {
                            "name": "Deadpool (1997) #44",
                            "resourceURI": "http://gateway.marvel.com/v1/public/comics/8500",
                          },
                          Object {
                            "name": "Marvel Premiere (1972) #35",
                            "resourceURI": "http://gateway.marvel.com/v1/public/comics/10223",
                          },
                          Object {
                            "name": "Marvel Premiere (1972) #36",
                            "resourceURI": "http://gateway.marvel.com/v1/public/comics/10224",
                          },
                          Object {
                            "name": "Marvel Premiere (1972) #37",
                            "resourceURI": "http://gateway.marvel.com/v1/public/comics/10225",
                          },
                        ],
                        "returned": 12,
                      },
                      "description": "",
                      "events": Object {
                        "available": 1,
                        "collectionURI": "http://gateway.marvel.com/v1/public/characters/1011334/events",
                        "items": Array [
                          Object {
                            "name": "Secret Invasion",
                            "resourceURI": "http://gateway.marvel.com/v1/public/events/269",
                          },
                        ],
                        "returned": 1,
                      },
                      "id": 1011334,
                      "modified": "2014-04-29T14:18:17-0400",
                      "name": "3-D Man",
                      "resourceURI": "http://gateway.marvel.com/v1/public/characters/1011334",
                      "series": Object {
                        "available": 3,
                        "collectionURI": "http://gateway.marvel.com/v1/public/characters/1011334/series",
                        "items": Array [
                          Object {
                            "name": "Avengers: The Initiative (2007 - 2010)",
                            "resourceURI": "http://gateway.marvel.com/v1/public/series/1945",
                          },
                          Object {
                            "name": "Deadpool (1997 - 2002)",
                            "resourceURI": "http://gateway.marvel.com/v1/public/series/2005",
                          },
                          Object {
                            "name": "Marvel Premiere (1972 - 1981)",
                            "resourceURI": "http://gateway.marvel.com/v1/public/series/2045",
                          },
                        ],
                        "returned": 3,
                      },
                      "stories": Object {
                        "available": 21,
                        "collectionURI": "http://gateway.marvel.com/v1/public/characters/1011334/stories",
                        "items": Array [
                          Object {
                            "name": "Cover #19947",
                            "resourceURI": "http://gateway.marvel.com/v1/public/stories/19947",
                            "type": "cover",
                          },
                          Object {
                            "name": "The 3-D Man!",
                            "resourceURI": "http://gateway.marvel.com/v1/public/stories/19948",
                            "type": "interiorStory",
                          },
                          Object {
                            "name": "Cover #19949",
                            "resourceURI": "http://gateway.marvel.com/v1/public/stories/19949",
                            "type": "cover",
                          },
                          Object {
                            "name": "The Devil's Music!",
                            "resourceURI": "http://gateway.marvel.com/v1/public/stories/19950",
                            "type": "interiorStory",
                          },
                          Object {
                            "name": "Cover #19951",
                            "resourceURI": "http://gateway.marvel.com/v1/public/stories/19951",
                            "type": "cover",
                          },
                          Object {
                            "name": "Code-Name:  The Cold Warrior!",
                            "resourceURI": "http://gateway.marvel.com/v1/public/stories/19952",
                            "type": "interiorStory",
                          },
                          Object {
                            "name": "AVENGERS: THE INITIATIVE (2007) #14",
                            "resourceURI": "http://gateway.marvel.com/v1/public/stories/47184",
                            "type": "cover",
                          },
                          Object {
                            "name": "Avengers: The Initiative (2007) #14 - Int",
                            "resourceURI": "http://gateway.marvel.com/v1/public/stories/47185",
                            "type": "interiorStory",
                          },
                          Object {
                            "name": "AVENGERS: THE INITIATIVE (2007) #15",
                            "resourceURI": "http://gateway.marvel.com/v1/public/stories/47498",
                            "type": "cover",
                          },
                          Object {
                            "name": "Avengers: The Initiative (2007) #15 - Int",
                            "resourceURI": "http://gateway.marvel.com/v1/public/stories/47499",
                            "type": "interiorStory",
                          },
                          Object {
                            "name": "AVENGERS: THE INITIATIVE (2007) #16",
                            "resourceURI": "http://gateway.marvel.com/v1/public/stories/47792",
                            "type": "cover",
                          },
                          Object {
                            "name": "Avengers: The Initiative (2007) #16 - Int",
                            "resourceURI": "http://gateway.marvel.com/v1/public/stories/47793",
                            "type": "interiorStory",
                          },
                          Object {
                            "name": "AVENGERS: THE INITIATIVE (2007) #17",
                            "resourceURI": "http://gateway.marvel.com/v1/public/stories/48361",
                            "type": "cover",
                          },
                          Object {
                            "name": "Avengers: The Initiative (2007) #17 - Int",
                            "resourceURI": "http://gateway.marvel.com/v1/public/stories/48362",
                            "type": "interiorStory",
                          },
                          Object {
                            "name": "AVENGERS: THE INITIATIVE (2007) #18",
                            "resourceURI": "http://gateway.marvel.com/v1/public/stories/49103",
                            "type": "cover",
                          },
                          Object {
                            "name": "Avengers: The Initiative (2007) #18 - Int",
                            "resourceURI": "http://gateway.marvel.com/v1/public/stories/49104",
                            "type": "interiorStory",
                          },
                          Object {
                            "name": "Avengers: The Initiative (2007) #18, Zombie Variant - Int",
                            "resourceURI": "http://gateway.marvel.com/v1/public/stories/49106",
                            "type": "interiorStory",
                          },
                          Object {
                            "name": "AVENGERS: THE INITIATIVE (2007) #19",
                            "resourceURI": "http://gateway.marvel.com/v1/public/stories/49888",
                            "type": "cover",
                          },
                          Object {
                            "name": "Avengers: The Initiative (2007) #19 - Int",
                            "resourceURI": "http://gateway.marvel.com/v1/public/stories/49889",
                            "type": "interiorStory",
                          },
                          Object {
                            "name": "Avengers: The Initiative (2007) #14, Spotlight Variant - Int",
                            "resourceURI": "http://gateway.marvel.com/v1/public/stories/54371",
                            "type": "interiorStory",
                          },
                        ],
                        "returned": 20,
                      },
                      "thumbnail": Object {
                        "extension": "jpg",
                        "path": "http://i.annihil.us/u/prod/marvel/i/mg/c/e0/535fecbbb9784",
                      },
                      "urls": Array [
                        Object {
                          "type": "detail",
                          "url": "http://marvel.com/characters/74/3-d_man?utm_campaign=apiRef&utm_source=fc0bbfff7046baab7764e1ef9a394a25",
                        },
                        Object {
                          "type": "wiki",
                          "url": "http://marvel.com/universe/3-D_Man_(Chandler)?utm_campaign=apiRef&utm_source=fc0bbfff7046baab7764e1ef9a394a25",
                        },
                        Object {
                          "type": "comiclink",
                          "url": "http://marvel.com/comics/characters/1011334/3-d_man?utm_campaign=apiRef&utm_source=fc0bbfff7046baab7764e1ef9a394a25",
                        },
                      ],
                    }
                  }
                  text=" (12)"
                  type="comiclink"
                />
              </h6>
              <li
                key="Avengers: The Initiative (2007) #14"
              >
                Avengers: The Initiative (2007) #14
              </li>
              <li
                key="Avengers: The Initiative (2007) #14 (SPOTLIGHT VARIANT)"
              >
                Avengers: The Initiative (2007) #14 (SPOTLIGHT VARIANT)
              </li>
              <li
                key="Avengers: The Initiative (2007) #15"
              >
                Avengers: The Initiative (2007) #15
              </li>
              <li
                key="Avengers: The Initiative (2007) #16"
              >
                Avengers: The Initiative (2007) #16
              </li>
              <LinkType
                character={
                  Object {
                    "comics": Object {
                      "available": 12,
                      "collectionURI": "http://gateway.marvel.com/v1/public/characters/1011334/comics",
                      "items": Array [
                        Object {
                          "name": "Avengers: The Initiative (2007) #14",
                          "resourceURI": "http://gateway.marvel.com/v1/public/comics/21366",
                        },
                        Object {
                          "name": "Avengers: The Initiative (2007) #14 (SPOTLIGHT VARIANT)",
                          "resourceURI": "http://gateway.marvel.com/v1/public/comics/24571",
                        },
                        Object {
                          "name": "Avengers: The Initiative (2007) #15",
                          "resourceURI": "http://gateway.marvel.com/v1/public/comics/21546",
                        },
                        Object {
                          "name": "Avengers: The Initiative (2007) #16",
                          "resourceURI": "http://gateway.marvel.com/v1/public/comics/21741",
                        },
                        Object {
                          "name": "Avengers: The Initiative (2007) #17",
                          "resourceURI": "http://gateway.marvel.com/v1/public/comics/21975",
                        },
                        Object {
                          "name": "Avengers: The Initiative (2007) #18",
                          "resourceURI": "http://gateway.marvel.com/v1/public/comics/22299",
                        },
                        Object {
                          "name": "Avengers: The Initiative (2007) #18 (ZOMBIE VARIANT)",
                          "resourceURI": "http://gateway.marvel.com/v1/public/comics/22300",
                        },
                        Object {
                          "name": "Avengers: The Initiative (2007) #19",
                          "resourceURI": "http://gateway.marvel.com/v1/public/comics/22506",
                        },
                        Object {
                          "name": "Deadpool (1997) #44",
                          "resourceURI": "http://gateway.marvel.com/v1/public/comics/8500",
                        },
                        Object {
                          "name": "Marvel Premiere (1972) #35",
                          "resourceURI": "http://gateway.marvel.com/v1/public/comics/10223",
                        },
                        Object {
                          "name": "Marvel Premiere (1972) #36",
                          "resourceURI": "http://gateway.marvel.com/v1/public/comics/10224",
                        },
                        Object {
                          "name": "Marvel Premiere (1972) #37",
                          "resourceURI": "http://gateway.marvel.com/v1/public/comics/10225",
                        },
                      ],
                      "returned": 12,
                    },
                    "description": "",
                    "events": Object {
                      "available": 1,
                      "collectionURI": "http://gateway.marvel.com/v1/public/characters/1011334/events",
                      "items": Array [
                        Object {
                          "name": "Secret Invasion",
                          "resourceURI": "http://gateway.marvel.com/v1/public/events/269",
                        },
                      ],
                      "returned": 1,
                    },
                    "id": 1011334,
                    "modified": "2014-04-29T14:18:17-0400",
                    "name": "3-D Man",
                    "resourceURI": "http://gateway.marvel.com/v1/public/characters/1011334",
                    "series": Object {
                      "available": 3,
                      "collectionURI": "http://gateway.marvel.com/v1/public/characters/1011334/series",
                      "items": Array [
                        Object {
                          "name": "Avengers: The Initiative (2007 - 2010)",
                          "resourceURI": "http://gateway.marvel.com/v1/public/series/1945",
                        },
                        Object {
                          "name": "Deadpool (1997 - 2002)",
                          "resourceURI": "http://gateway.marvel.com/v1/public/series/2005",
                        },
                        Object {
                          "name": "Marvel Premiere (1972 - 1981)",
                          "resourceURI": "http://gateway.marvel.com/v1/public/series/2045",
                        },
                      ],
                      "returned": 3,
                    },
                    "stories": Object {
                      "available": 21,
                      "collectionURI": "http://gateway.marvel.com/v1/public/characters/1011334/stories",
                      "items": Array [
                        Object {
                          "name": "Cover #19947",
                          "resourceURI": "http://gateway.marvel.com/v1/public/stories/19947",
                          "type": "cover",
                        },
                        Object {
                          "name": "The 3-D Man!",
                          "resourceURI": "http://gateway.marvel.com/v1/public/stories/19948",
                          "type": "interiorStory",
                        },
                        Object {
                          "name": "Cover #19949",
                          "resourceURI": "http://gateway.marvel.com/v1/public/stories/19949",
                          "type": "cover",
                        },
                        Object {
                          "name": "The Devil's Music!",
                          "resourceURI": "http://gateway.marvel.com/v1/public/stories/19950",
                          "type": "interiorStory",
                        },
                        Object {
                          "name": "Cover #19951",
                          "resourceURI": "http://gateway.marvel.com/v1/public/stories/19951",
                          "type": "cover",
                        },
                        Object {
                          "name": "Code-Name:  The Cold Warrior!",
                          "resourceURI": "http://gateway.marvel.com/v1/public/stories/19952",
                          "type": "interiorStory",
                        },
                        Object {
                          "name": "AVENGERS: THE INITIATIVE (2007) #14",
                          "resourceURI": "http://gateway.marvel.com/v1/public/stories/47184",
                          "type": "cover",
                        },
                        Object {
                          "name": "Avengers: The Initiative (2007) #14 - Int",
                          "resourceURI": "http://gateway.marvel.com/v1/public/stories/47185",
                          "type": "interiorStory",
                        },
                        Object {
                          "name": "AVENGERS: THE INITIATIVE (2007) #15",
                          "resourceURI": "http://gateway.marvel.com/v1/public/stories/47498",
                          "type": "cover",
                        },
                        Object {
                          "name": "Avengers: The Initiative (2007) #15 - Int",
                          "resourceURI": "http://gateway.marvel.com/v1/public/stories/47499",
                          "type": "interiorStory",
                        },
                        Object {
                          "name": "AVENGERS: THE INITIATIVE (2007) #16",
                          "resourceURI": "http://gateway.marvel.com/v1/public/stories/47792",
                          "type": "cover",
                        },
                        Object {
                          "name": "Avengers: The Initiative (2007) #16 - Int",
                          "resourceURI": "http://gateway.marvel.com/v1/public/stories/47793",
                          "type": "interiorStory",
                        },
                        Object {
                          "name": "AVENGERS: THE INITIATIVE (2007) #17",
                          "resourceURI": "http://gateway.marvel.com/v1/public/stories/48361",
                          "type": "cover",
                        },
                        Object {
                          "name": "Avengers: The Initiative (2007) #17 - Int",
                          "resourceURI": "http://gateway.marvel.com/v1/public/stories/48362",
                          "type": "interiorStory",
                        },
                        Object {
                          "name": "AVENGERS: THE INITIATIVE (2007) #18",
                          "resourceURI": "http://gateway.marvel.com/v1/public/stories/49103",
                          "type": "cover",
                        },
                        Object {
                          "name": "Avengers: The Initiative (2007) #18 - Int",
                          "resourceURI": "http://gateway.marvel.com/v1/public/stories/49104",
                          "type": "interiorStory",
                        },
                        Object {
                          "name": "Avengers: The Initiative (2007) #18, Zombie Variant - Int",
                          "resourceURI": "http://gateway.marvel.com/v1/public/stories/49106",
                          "type": "interiorStory",
                        },
                        Object {
                          "name": "AVENGERS: THE INITIATIVE (2007) #19",
                          "resourceURI": "http://gateway.marvel.com/v1/public/stories/49888",
                          "type": "cover",
                        },
                        Object {
                          "name": "Avengers: The Initiative (2007) #19 - Int",
                          "resourceURI": "http://gateway.marvel.com/v1/public/stories/49889",
                          "type": "interiorStory",
                        },
                        Object {
                          "name": "Avengers: The Initiative (2007) #14, Spotlight Variant - Int",
                          "resourceURI": "http://gateway.marvel.com/v1/public/stories/54371",
                          "type": "interiorStory",
                        },
                      ],
                      "returned": 20,
                    },
                    "thumbnail": Object {
                      "extension": "jpg",
                      "path": "http://i.annihil.us/u/prod/marvel/i/mg/c/e0/535fecbbb9784",
                    },
                    "urls": Array [
                      Object {
                        "type": "detail",
                        "url": "http://marvel.com/characters/74/3-d_man?utm_campaign=apiRef&utm_source=fc0bbfff7046baab7764e1ef9a394a25",
                      },
                      Object {
                        "type": "wiki",
                        "url": "http://marvel.com/universe/3-D_Man_(Chandler)?utm_campaign=apiRef&utm_source=fc0bbfff7046baab7764e1ef9a394a25",
                      },
                      Object {
                        "type": "comiclink",
                        "url": "http://marvel.com/comics/characters/1011334/3-d_man?utm_campaign=apiRef&utm_source=fc0bbfff7046baab7764e1ef9a394a25",
                      },
                    ],
                  }
                }
                text="Details"
                type="comiclink"
              />
            </div>
            <div
              className="col-sm-6"
            >
              <h6>
                Series
              </h6>
              <li
                key="Avengers: The Initiative (2007 - 2010)"
              >
                Avengers: The Initiative (2007 - 2010)
              </li>
              <li
                key="Deadpool (1997 - 2002)"
              >
                Deadpool (1997 - 2002)
              </li>
              <li
                key="Marvel Premiere (1972 - 1981)"
              >
                Marvel Premiere (1972 - 1981)
              </li>
            </div>
          </div>
        </div>
      </div>
    </div>
  </div>
</div>
`;
